
── Pre-flight ──
BASE_URL: https://app-prodhub-dev.azurewebsites.net
IMPORT_USER: admin
IMPORT_TENANT: accenture-test
  ✓ https://app-prodhub-dev.azurewebsites.net/api/health → OK

── Auth ──
  ✓ authenticated as admin / tenant=accenture-test

── Filing PDFs — Lemonade NJ HO ──
  ✓ NJ-LEMONADE-1: pass — 22 coverages, 35572ms
  ✓ NJ-LEMONADE-2: pass — 0 coverages, 284444ms
    no coverages in plan
    notice: manual-rules:C:\Users\salvatore.scrudato\Desktop\314358_InsurancePlatformsAI\samples\filings\nj-lemonade-ho\NJ HO Manual 02.27.24.pdf: GROUNDED_CITED returned no items — raw tool output 2 chars: {}
    notice: manual (C:\Users\salvatore.scrudato\Desktop\314358_InsurancePlatformsAI\samples\filings\nj-lemonade-ho\NJ HO Manual 02.27.24.pdf): Extraction from Lemonade Insurance Company Homeowners Manual for State of New Jersey (ED. DEC 2023). All rules numbered and cited to specific pages and rule numbers. Tables returned as schemas with verbatim row regions for deterministic parsing. Base loss costs (26 rows per form) not individually itemized per user instruction not to transcribe table rows. ZIP code LCMF tables (Rule 2.A, 2.B) schematized with verbatim row regions spanning pages 1-11. Factor tables and scalar premiums/rates fully extracted with citations.
  ✓ NJ-LEMONADE-3: pass — 0 coverages, 70016ms
    no coverages in plan
    notice: rate-order: Rate order extracted from Lemonade Insurance Company State of New Jersey filing. Variables sequenced exactly as presented in the Rate Order of Calculations table on page 1. Rule 92 Maximum Credit and Rule 205 Minimum Premium apply to Adjusted Base Premium calculation."

── Computed exit ──

  crashes:      0
  fabrications: 0
  source-gaps:  0 (not counted against pass)
  formats:      3/3 passed
  round-trip:   OK
  pass:         true
  ✓ Results written to docs/audit/import_live_results-pdf.json
