
── LIVE: https://app-prodhub-dev.azurewebsites.net ──
  ✓ authenticated (tenant=accenture-test)
    run id eval-94aa5008-2483-4d8d-a321-aa4a8ad6dcb1 (durable-result key — recover with IMPORT_EVAL_RECOVER_RUN=eval-94aa5008-2483-4d8d-a321-aa4a8ad6dcb1)
    [2s] brain:stage0:route — Routing 4 artifact(s)
    [13s] brain:stage1:classify — Classifying 21 sheet(s)
    [88s] brain:stage2:headerLock — Locking headers for 13 sheet(s)
    [88s] brain:stage3:columnMap — Mapping columns for 13 sheet(s)
    [165s] brain:stage4:extract — Extracting rows
    [165s] brain:stage4:extract — GL Product Framework: deterministic extraction (110 rows)
    [165s] brain:stage4:extract — GL Forms Specifications: deterministic extraction (816 rows)
    [337s] brain:stage4:extract — GL Forms Dynamic Data: deterministic extraction (209 rows)
    [338s] brain:stage4:extract — GL Optional Forms Rules: deterministic extraction (281 rows)
    [497s] brain:stage4:extract — GL Rules Specifications: deterministic extraction (146 rows)
    [512s] brain:stage4:extract — GL Rating Specifications: deterministic extraction (55 rows)
    [695s] brain:stage5:validate — Validating 1616 entities
    [1003s] brain:stage6:reconcile
    [1003s] brain:stage7:isoJoin — deterministic mapper: 105 coverages, 146 rules
    [1009s] durable result persisted (run eval-94aa5008-2483-4d8d-a321-aa4a8ad6dcb1)
  ✓ GL: F1 0.998 (P 0.998 R 0.997) | numeric 1.000 | citations entity=100% prov=100% resolve=100.0% | extras fab=0.0% synth=0.0% | link parent=1.00 edges=1.00 forms=1.00 | loss 1061 | 1009s

Results → docs/audit/import_eval_results-GL.json
