
── LIVE: https://app-prodhub-dev.azurewebsites.net ──
  ✓ authenticated (tenant=accenture-test)
    [1s] brain:stage0:route — Routing 1 artifact(s)
    [14s] brain:stage1:classify — Classifying 9 sheet(s)
    [27s] brain:stage2:headerLock — Locking headers for 8 sheet(s)
    [34s] brain:stage3:columnMap — Mapping columns for 8 sheet(s)
    [103s] brain:stage4:extract — Extracting rows
    [103s] brain:stage4:extract — Core Framework: deterministic extraction (114 rows)
    [261s] brain:stage4:extract — Core Rules Specifications: deterministic extraction (234 rows)
    [274s] brain:stage4:extract — Core Forms Specifications: rows 5-8 of 1455 extracted
    [276s] brain:stage4:extract — Core Forms Specifications: rows 14-17 of 1455 extracted
    [282s] brain:stage4:extract — Core Forms Specifications: rows 0-4 of 1455 extracted
    [284s] brain:stage4:extract — Core Forms Specifications: rows 9-13 of 1455 extracted
    [287s] brain:stage4:extract — Core Forms Specifications: rows 41-44 of 1455 extracted
    [291s] brain:stage4:extract — Core Forms Specifications: rows 32-35 of 1455 extracted
    [292s] brain:stage4:extract — Core Forms Specifications: rows 36-40 of 1455 extracted
    [302s] brain:stage4:extract — Core Forms Specifications: rows 18-22 of 1455 extracted
    [305s] brain:stage4:extract — Core Forms Specifications: rows 23-26 of 1455 extracted
    [307s] brain:stage4:extract — Core Forms Specifications: rows 45-49 of 1455 extracted
    [309s] brain:stage4:extract — Core Forms Specifications: rows 27-31 of 1455 extracted
    [365s] brain:stage4:extract — Core Forms Specifications: rows 50-51 of 1455 extracted
    [373s] brain:stage4:extract — Core Forms Specifications: rows 52-53 of 1455 extracted
    [481s] brain:stage4:extract — Core Forms Specifications: rows 59-62 of 1455 extracted
    [499s] brain:stage4:extract — Core Forms Specifications: rows 63-67 of 1455 extracted
    [503s] brain:stage4:extract — Rule References: rows 50-59 of 2146 extracted
    [504s] brain:stage4:extract — Core Forms Specifications: rows 72-76 of 1455 extracted
    [512s] brain:stage4:extract — Core Forms Specifications: rows 81-85 of 1455 extracted
    [513s] brain:stage4:extract — Rule References: rows 40-49 of 2146 extracted
    [516s] brain:stage4:extract — Rule References: rows 0-9 of 2146 extracted
    [516s] brain:stage4:extract — Rule References: rows 10-19 of 2146 extracted
    [524s] brain:stage4:extract — Rule References: rows 30-39 of 2146 extracted
    [526s] brain:stage4:extract — Core Forms Specifications: rows 77-80 of 1455 extracted
    [527s] brain:stage4:extract — Rule References: rows 20-29 of 2146 extracted
    [532s] brain:stage4:extract — Core Forms Specifications: rows 86-89 of 1455 extracted
    [543s] brain:stage4:extract — Core Forms Specifications: rows 68-69 of 1455 extracted
    [544s] brain:stage4:extract — Core Forms Specifications: rows 70-71 of 1455 extracted
    [548s] brain:stage4:extract — Core Forms Specifications: rows 54-56 of 1455 extracted
    [553s] brain:stage4:extract — Core Forms Specifications: rows 90-94 of 1455 extracted
    [555s] brain:stage4:extract — Core Forms Specifications: rows 57-58 of 1455 extracted
    [557s] brain:stage4:extract — Rule References: rows 100-119 of 2146 extracted
    [558s] brain:stage4:extract — Core Forms Specifications: rows 104-107 of 1455 extracted
    [583s] brain:stage4:extract — Core Forms Specifications: rows 95-98 of 1455 extracted
    [600s] brain:stage4:extract — Rule References: rows 90-99 of 2146 extracted
    [609s] brain:stage4:extract — Rule References: rows 60-69 of 2146 extracted
    [618s] brain:stage4:extract — Core Forms Specifications: rows 102-103 of 1455 extracted
    [622s] brain:stage4:extract — Rule References: rows 120-139 of 2146 extracted
    [622s] brain:stage4:extract — Rule References: rows 80-89 of 2146 extracted
    [624s] brain:stage4:extract — Rule References: rows 70-79 of 2146 extracted
    [625s] brain:stage4:extract — Core Forms Specifications: rows 99-101 of 1455 extracted
    [686s] brain:stage4:extract — Rule References: rows 160-179 of 2146 extracted
    [690s] brain:stage4:extract — Rule References: rows 180-199 of 2146 extracted
    [711s] brain:stage4:extract — Core Forms Specifications: rows 113-116 of 1455 extracted
    [712s] brain:stage4:extract — Core Forms Specifications: rows 122-125 of 1455 extracted
    [715s] brain:stage4:extract — Core Forms Specifications: rows 108-112 of 1455 extracted
    [720s] brain:stage4:extract — Core Forms Specifications: rows 117-121 of 1455 extracted
    [733s] brain:stage4:extract — Core Forms Specifications: rows 131-134 of 1455 extracted
    [740s] brain:stage4:extract — Core Forms Specifications: rows 140-143 of 1455 extracted
    [742s] brain:stage4:extract — Core Forms Specifications: rows 126-130 of 1455 extracted
    [749s] brain:stage4:extract — Rule References: rows 140-149 of 2146 extracted
    [753s] brain:stage4:extract — Rule References: rows 150-159 of 2146 extracted
    [769s] brain:stage4:extract — Rule References: rows 220-229 of 2146 extracted
    [771s] brain:stage4:extract — Rule References: rows 230-239 of 2146 extracted
    [803s] brain:stage4:extract — Core Forms Specifications: rows 138-139 of 1455 extracted
    [805s] brain:stage4:extract — Core Forms Specifications: rows 144-148 of 1455 extracted
    [806s] brain:stage4:extract — Rule References: rows 200-209 of 2146 extracted
    [806s] brain:stage4:extract — Rule References: rows 210-219 of 2146 extracted
    [807s] brain:stage4:extract — Core Forms Specifications: rows 153-157 of 1455 extracted
    [809s] brain:stage4:extract — Core Forms Specifications: rows 135-137 of 1455 extracted
    [827s] brain:stage4:extract — Core Forms Specifications: rows 158-161 of 1455 extracted
    [837s] brain:stage4:extract — Rule References: rows 250-259 of 2146 extracted
    [843s] brain:stage4:extract — Core Forms Specifications: rows 149-152 of 1455 extracted
    [856s] brain:stage4:extract — Rule References: rows 240-249 of 2146 extracted
    [866s] brain:stage4:extract — Rule References: rows 260-269 of 2146 extracted
    [868s] brain:stage4:extract — Rule References: rows 270-279 of 2146 extracted
    [898s] brain:stage4:extract — Rule References: rows 290-299 of 2146 extracted
    [899s] brain:stage4:extract — Core Forms Specifications: rows 171-175 of 1455 extracted
    [906s] brain:stage4:extract — Rule References: rows 320-339 of 2146 extracted
    [910s] brain:stage4:extract — Core Forms Specifications: rows 167-170 of 1455 extracted
    [920s] brain:stage4:extract — Core Forms Specifications: rows 176-179 of 1455 extracted
    [921s] brain:stage4:extract — Rule References: rows 280-289 of 2146 extracted
    [932s] brain:stage4:extract — Core Forms Specifications: rows 165-166 of 1455 extracted
    [944s] brain:stage4:extract — Core Forms Specifications: rows 162-164 of 1455 extracted
    [954s] brain:stage4:extract — Rule References: rows 340-359 of 2146 extracted
    [971s] brain:stage4:extract — Rule References: rows 310-319 of 2146 extracted
    [976s] brain:stage4:extract — Core Forms Specifications: rows 185-188 of 1455 extracted
    [977s] brain:stage4:extract — Core Forms Specifications: rows 194-197 of 1455 extracted
    [977s] brain:stage4:extract — Rule References: rows 300-309 of 2146 extracted
    [983s] brain:stage4:extract — Core Forms Specifications: rows 180-184 of 1455 extracted
    [1015s] brain:stage4:extract — Rule References: rows 360-369 of 2146 extracted
    [1028s] brain:stage4:extract — Rule References: rows 370-379 of 2146 extracted
    [1034s] brain:stage4:extract — Core Forms Specifications: rows 192-193 of 1455 extracted
    [1039s] brain:stage4:extract — Core Forms Specifications: rows 198-202 of 1455 extracted
    [1052s] brain:stage4:extract — Rule References: rows 380-389 of 2146 extracted
    [1057s] brain:stage4:extract — Core Forms Specifications: rows 212-215 of 1455 extracted
    [1057s] brain:stage4:extract — Core Forms Specifications: rows 203-206 of 1455 extracted
    [1063s] brain:stage4:extract — Core Forms Specifications: rows 189-191 of 1455 extracted
    [1068s] brain:stage4:extract — Rule References: rows 390-399 of 2146 extracted
    [1093s] brain:stage4:extract — Core Forms Specifications: rows 210-211 of 1455 extracted
    [1099s] brain:stage4:extract — Rule References: rows 400-409 of 2146 extracted
    [1102s] brain:stage4:extract — Core Forms Specifications: rows 207-209 of 1455 extracted
    [1102s] brain:stage4:extract — Rule References: rows 410-419 of 2146 extracted
    [1112s] brain:stage4:extract — Core Forms Specifications: rows 221-224 of 1455 extracted
    [1112s] brain:stage4:extract — Core Forms Specifications: rows 230-233 of 1455 extracted
    [1122s] brain:stage4:extract — Core Forms Specifications: rows 216-220 of 1455 extracted
    [1146s] brain:stage4:extract — Rule References: rows 420-429 of 2146 extracted
    [1149s] brain:stage4:extract — Rule References: rows 430-439 of 2146 extracted
    [1180s] brain:stage4:extract — Core Forms Specifications: rows 228-229 of 1455 extracted
    [1186s] brain:stage4:extract — Rule References: rows 450-459 of 2146 extracted
    [1187s] brain:stage4:extract — Rule References: rows 440-449 of 2146 extracted
    [1198s] brain:stage4:extract — Core Forms Specifications: rows 225-227 of 1455 extracted
    [1220s] brain:stage4:extract — Rule References: rows 460-469 of 2146 extracted
    [1221s] brain:stage4:extract — Rule References: rows 470-479 of 2146 extracted
    [1232s] brain:stage4:extract — Core Forms Specifications: rows 239-242 of 1455 extracted
    [1236s] brain:stage4:extract — Core Forms Specifications: rows 248-251 of 1455 extracted
    [1241s] brain:stage4:extract — Core Forms Specifications: rows 234-238 of 1455 extracted
    [1257s] brain:stage4:extract — Rule References: rows 480-489 of 2146 extracted
    [1260s] brain:stage4:extract — Rule References: rows 490-499 of 2146 extracted
    [1277s] brain:stage4:extract — Core Forms Specifications: rows 257-260 of 1455 extracted
    [1286s] brain:stage4:extract — Core Forms Specifications: rows 252-256 of 1455 extracted
    [1290s] brain:stage4:extract — Core Forms Specifications: rows 261-265 of 1455 extracted
    [1292s] brain:stage4:extract — Core Forms Specifications: rows 243-245 of 1455 extracted
    [1298s] brain:stage4:extract — Rule References: rows 510-519 of 2146 extracted
    [1302s] brain:stage4:extract — Rule References: rows 500-509 of 2146 extracted
    [1305s] brain:stage4:extract — Core Forms Specifications: rows 246-247 of 1455 extracted
    [1331s] brain:stage4:extract — Rule References: rows 520-529 of 2146 extracted
    [1331s] brain:stage4:extract — Rule References: rows 530-539 of 2146 extracted
    [1337s] brain:stage4:extract — Core Forms Specifications: rows 268-269 of 1455 extracted
    [1356s] brain:stage4:extract — Core Forms Specifications: rows 266-267 of 1455 extracted
    [1369s] brain:stage4:extract — Core Forms Specifications: rows 284-287 of 1455 extracted
    [1375s] brain:stage4:extract — Core Forms Specifications: rows 279-283 of 1455 extracted
    [1376s] brain:stage4:extract — Rule References: rows 540-549 of 2146 extracted
    [1378s] brain:stage4:extract — Rule References: rows 550-559 of 2146 extracted
    [1385s] brain:stage4:extract — Core Forms Specifications: rows 270-274 of 1455 extracted
    [1406s] brain:stage4:extract — Core Forms Specifications: rows 275-278 of 1455 extracted
    [1412s] brain:stage4:extract — Rule References: rows 570-579 of 2146 extracted
    [1412s] brain:stage4:extract — Rule References: rows 560-569 of 2146 extracted
    [1445s] brain:stage4:extract — Rule References: rows 590-599 of 2146 extracted
    [1450s] brain:stage4:extract — Rule References: rows 580-589 of 2146 extracted
    [1475s] brain:stage4:extract — Core Forms Specifications: rows 293-296 of 1455 extracted
    [1479s] brain:stage4:extract — Core Forms Specifications: rows 288-292 of 1455 extracted
    [1489s] brain:stage4:extract — Core Forms Specifications: rows 302-305 of 1455 extracted
    [1494s] brain:stage4:extract — Rule References: rows 610-619 of 2146 extracted
    [1495s] brain:stage4:extract — Rule References: rows 600-609 of 2146 extracted
    [1510s] brain:stage4:extract — Core Forms Specifications: rows 320-323 of 1455 extracted
    [1531s] brain:stage4:extract — Rule References: rows 620-629 of 2146 extracted
    [1532s] brain:stage4:extract — Rule References: rows 630-639 of 2146 extracted
    [1534s] brain:stage4:extract — Core Forms Specifications: rows 297-299 of 1455 extracted
    [1542s] brain:stage4:extract — Core Forms Specifications: rows 311-314 of 1455 extracted
    [1547s] brain:stage4:extract — Core Forms Specifications: rows 300-301 of 1455 extracted
    [1563s] brain:stage4:extract — Rule References: rows 640-649 of 2146 extracted
    [1563s] brain:stage4:extract — Rule References: rows 650-659 of 2146 extracted
    [1565s] brain:stage4:extract — Core Forms Specifications: rows 306-310 of 1455 extracted
    [1565s] brain:stage4:extract — Core Forms Specifications: rows 318-319 of 1455 extracted
    [1571s] brain:stage4:extract — Core Forms Specifications: rows 324-328 of 1455 extracted
    [1573s] brain:stage4:extract — Core Forms Specifications: rows 338-341 of 1455 extracted
    [1581s] brain:stage4:extract — Core Forms Specifications: rows 333-337 of 1455 extracted
    [1596s] brain:stage4:extract — Core Forms Specifications: rows 315-317 of 1455 extracted
    [1599s] brain:stage4:extract — Core Forms Specifications: rows 329-332 of 1455 extracted
    [1608s] brain:stage4:extract — Rule References: rows 670-679 of 2146 extracted
    [1611s] brain:stage4:extract — Rule References: rows 660-669 of 2146 extracted
    [1639s] brain:stage4:extract — Rule References: rows 680-689 of 2146 extracted
    [1645s] brain:stage4:extract — Rule References: rows 690-699 of 2146 extracted
    [1671s] brain:stage4:extract — Rule References: rows 700-709 of 2146 extracted
    [1674s] brain:stage4:extract — Rule References: rows 710-719 of 2146 extracted
    [1721s] brain:stage4:extract — Rule References: rows 720-729 of 2146 extracted
    [1722s] brain:stage4:extract — Core Forms Specifications: rows 342-346 of 1455 extracted
    [1724s] brain:stage4:extract — Rule References: rows 730-739 of 2146 extracted
    [1729s] brain:stage4:extract — Core Forms Specifications: rows 356-359 of 1455 extracted
    [1745s] brain:stage4:extract — Core Forms Specifications: rows 351-355 of 1455 extracted
    [1747s] brain:stage4:extract — Core Forms Specifications: rows 347-350 of 1455 extracted
    [1750s] brain:stage4:extract — Rule References: rows 740-749 of 2146 extracted
    [1752s] brain:stage4:extract — Core Forms Specifications: rows 383-386 of 1455 extracted
    [1753s] brain:stage4:extract — Core Forms Specifications: rows 392-395 of 1455 extracted
    [1754s] brain:stage4:extract — Rule References: rows 750-759 of 2146 extracted
    [1761s] brain:stage4:extract — Core Forms Specifications: rows 387-391 of 1455 extracted
    [1761s] brain:stage4:extract — Core Forms Specifications: rows 365-368 of 1455 extracted
    [1767s] brain:stage4:extract — Core Forms Specifications: rows 374-377 of 1455 extracted
    [1767s] brain:stage4:extract — Core Forms Specifications: rows 360-364 of 1455 extracted
    [1772s] brain:stage4:extract — Core Forms Specifications: rows 369-373 of 1455 extracted
    [1787s] brain:stage4:extract — Rule References: rows 770-779 of 2146 extracted
    [1791s] brain:stage4:extract — Rule References: rows 760-769 of 2146 extracted
    [1794s] brain:stage4:extract — Core Forms Specifications: rows 381-382 of 1455 extracted
    [1829s] brain:stage4:extract — Core Forms Specifications: rows 378-380 of 1455 extracted
    [1830s] brain:stage4:extract — Rule References: rows 790-799 of 2146 extracted
    [1836s] brain:stage4:extract — Rule References: rows 780-789 of 2146 extracted
    [1870s] brain:stage4:extract — Rule References: rows 800-809 of 2146 extracted
    [1870s] brain:stage4:extract — Rule References: rows 810-819 of 2146 extracted
    [1883s] brain:stage4:extract — Core Forms Specifications: rows 405-413 of 1455 extracted
    [1899s] brain:stage4:extract — Rule References: rows 820-829 of 2146 extracted
    [1901s] brain:stage4:extract — Rule References: rows 830-839 of 2146 extracted
    [1902s] brain:stage4:extract — Core Forms Specifications: rows 414-422 of 1455 extracted
    [1920s] brain:stage4:extract — Core Forms Specifications: rows 401-404 of 1455 extracted
    [1928s] brain:stage4:extract — Core Forms Specifications: rows 396-400 of 1455 extracted
    [1937s] brain:stage4:extract — Core Forms Specifications: rows 428-431 of 1455 extracted
    [1946s] brain:stage4:extract — Core Forms Specifications: rows 423-427 of 1455 extracted
    [1954s] brain:stage4:extract — Rule References: rows 850-859 of 2146 extracted
    [1955s] brain:stage4:extract — Rule References: rows 840-849 of 2146 extracted
    [1990s] brain:stage4:extract — Rule References: rows 870-879 of 2146 extracted
    [1991s] brain:stage4:extract — Rule References: rows 860-869 of 2146 extracted
    [1997s] brain:stage4:extract — Core Forms Specifications: rows 446-449 of 1455 extracted
    [1997s] brain:stage4:extract — Core Forms Specifications: rows 437-440 of 1455 extracted
    [2008s] brain:stage4:extract — Core Forms Specifications: rows 441-445 of 1455 extracted
    [2010s] brain:stage4:extract — Core Forms Specifications: rows 432-436 of 1455 extracted
    [2017s] brain:stage4:extract — Rule References: rows 880-889 of 2146 extracted
    [2017s] brain:stage4:extract — Rule References: rows 890-899 of 2146 extracted
    [2067s] brain:stage4:extract — Rule References: rows 910-919 of 2146 extracted
    [2071s] brain:stage4:extract — Rule References: rows 900-909 of 2146 extracted
    [2095s] brain:stage4:extract — Core Forms Specifications: rows 464-467 of 1455 extracted
    [2096s] brain:stage4:extract — Rule References: rows 930-939 of 2146 extracted
    [2103s] brain:stage4:extract — Rule References: rows 920-929 of 2146 extracted
    [2103s] brain:stage4:extract — Core Forms Specifications: rows 450-454 of 1455 extracted
    [2103s] brain:stage4:extract — Core Forms Specifications: rows 459-463 of 1455 extracted
    [2120s] brain:stage4:extract — Core Forms Specifications: rows 482-485 of 1455 extracted
    [2123s] brain:stage4:extract — Core Forms Specifications: rows 473-476 of 1455 extracted
    [2127s] brain:stage4:extract — Rule References: rows 940-949 of 2146 extracted
    [2127s] brain:stage4:extract — Core Forms Specifications: rows 455-458 of 1455 extracted
    [2129s] brain:stage4:extract — Core Forms Specifications: rows 477-481 of 1455 extracted
    [2132s] brain:stage4:extract — Rule References: rows 950-959 of 2146 extracted
    [2171s] brain:stage4:extract — Core Forms Specifications: rows 491-494 of 1455 extracted
    [2182s] brain:stage4:extract — Core Forms Specifications: rows 486-490 of 1455 extracted
    [2186s] brain:stage4:extract — Core Forms Specifications: rows 468-470 of 1455 extracted
    [2198s] brain:stage4:extract — Rule References: rows 970-979 of 2146 extracted
    [2200s] brain:stage4:extract — Rule References: rows 960-969 of 2146 extracted
    [2201s] brain:stage4:extract — Core Forms Specifications: rows 471-472 of 1455 extracted
    [2203s] brain:stage4:extract — Core Forms Specifications: rows 495-499 of 1455 extracted
    [2216s] brain:stage4:extract — Rule References: rows 980-989 of 2146 extracted
    [2221s] brain:stage4:extract — Rule References: rows 990-999 of 2146 extracted
    [2230s] brain:stage4:extract — Core Forms Specifications: rows 500-503 of 1455 extracted
    [2246s] brain:stage4:extract — Rule References: rows 1000-1009 of 2146 extracted
    [2248s] brain:stage4:extract — Rule References: rows 1010-1019 of 2146 extracted
    [2295s] brain:stage4:extract — Core Forms Specifications: rows 513-517 of 1455 extracted
    [2302s] brain:stage4:extract — Core Forms Specifications: rows 509-512 of 1455 extracted
    [2310s] brain:stage4:extract — Core Forms Specifications: rows 504-508 of 1455 extracted
    [2315s] brain:stage4:extract — Core Forms Specifications: rows 518-521 of 1455 extracted
    [2317s] brain:stage4:extract — Rule References: rows 1030-1039 of 2146 extracted
    [2319s] brain:stage4:extract — Rule References: rows 1020-1029 of 2146 extracted
    [2338s] brain:stage4:extract — Rule References: rows 1040-1049 of 2146 extracted
    [2346s] brain:stage4:extract — Rule References: rows 1050-1059 of 2146 extracted
    [2369s] brain:stage4:extract — Rule References: rows 1060-1069 of 2146 extracted
    [2369s] brain:stage4:extract — Rule References: rows 1070-1079 of 2146 extracted
    [2392s] brain:stage4:extract — Core Forms Specifications: rows 536-539 of 1455 extracted
    [2394s] brain:stage4:extract — Core Forms Specifications: rows 527-530 of 1455 extracted
    [2395s] brain:stage4:extract — Core Forms Specifications: rows 522-526 of 1455 extracted
    [2400s] brain:stage4:extract — Core Forms Specifications: rows 545-548 of 1455 extracted
    [2403s] brain:stage4:extract — Core Forms Specifications: rows 531-535 of 1455 extracted
    [2405s] brain:stage4:extract — Core Forms Specifications: rows 549-553 of 1455 extracted
    [2406s] brain:stage4:extract — Core Forms Specifications: rows 554-557 of 1455 extracted
    [2409s] brain:stage4:extract — Core Forms Specifications: rows 540-544 of 1455 extracted
    [2438s] brain:stage4:extract — Rule References: rows 1090-1099 of 2146 extracted
    [2439s] brain:stage4:extract — Rule References: rows 1080-1089 of 2146 extracted
    [2475s] brain:stage4:extract — Rule References: rows 1110-1119 of 2146 extracted
    [2482s] brain:stage4:extract — Rule References: rows 1120-1129 of 2146 extracted
    [2485s] brain:stage4:extract — Rule References: rows 1130-1139 of 2146 extracted
    [2491s] brain:stage4:extract — Core Forms Specifications: rows 563-566 of 1455 extracted
    [2517s] brain:stage4:extract — Core Forms Specifications: rows 572-575 of 1455 extracted
    [2546s] brain:stage4:extract — Core Forms Specifications: rows 570-571 of 1455 extracted
    [2551s] brain:stage4:extract — Core Forms Specifications: rows 567-569 of 1455 extracted
    [2552s] brain:stage4:extract — Rule References: rows 1150-1159 of 2146 extracted
    [2556s] brain:stage4:extract — Rule References: rows 1140-1149 of 2146 extracted
    [2558s] brain:stage4:extract — Core Forms Specifications: rows 558-560 of 1455 extracted
    [2562s] brain:stage4:extract — Rule References: rows 1100-1109 of 2146 extracted
    [2565s] brain:stage4:extract — Core Forms Specifications: rows 561-562 of 1455 extracted
    [2568s] brain:stage4:extract — Core Forms Specifications: rows 608-611 of 1455 extracted
    [2570s] brain:stage4:extract — Core Forms Specifications: rows 599-602 of 1455 extracted
    [2577s] brain:stage4:extract — Core Forms Specifications: rows 603-607 of 1455 extracted
    [2584s] brain:stage4:extract — Core Forms Specifications: rows 594-598 of 1455 extracted
    [2595s] brain:stage4:extract — Core Forms Specifications: rows 590-593 of 1455 extracted
    [2596s] brain:stage4:extract — Core Forms Specifications: rows 581-584 of 1455 extracted
    [2596s] brain:stage4:extract — Core Forms Specifications: rows 585-589 of 1455 extracted
    [2605s] brain:stage4:extract — Rule References: rows 1170-1179 of 2146 extracted
    [2605s] brain:stage4:extract — Rule References: rows 1160-1169 of 2146 extracted
    [2657s] brain:stage4:extract — Core Forms Specifications: rows 576-578 of 1455 extracted
    [2661s] brain:stage4:extract — Core Forms Specifications: rows 579-580 of 1455 extracted
    [2666s] brain:stage4:extract — Rule References: rows 1190-1199 of 2146 extracted
    [2667s] brain:stage4:extract — Rule References: rows 1180-1189 of 2146 extracted
    [2675s] brain:stage4:extract — Rule References: rows 1210-1219 of 2146 extracted
    [2681s] brain:stage4:extract — Rule References: rows 1200-1209 of 2146 extracted
    [2720s] brain:stage4:extract — Rule References: rows 1220-1229 of 2146 extracted
    [2720s] brain:stage4:extract — Rule References: rows 1230-1239 of 2146 extracted
    [2734s] brain:stage4:extract — Core Forms Specifications: rows 626-629 of 1455 extracted
    [2735s] brain:stage4:extract — Core Forms Specifications: rows 617-620 of 1455 extracted
    [2740s] brain:stage4:extract — Core Forms Specifications: rows 621-625 of 1455 extracted
    [2742s] brain:stage4:extract — Core Forms Specifications: rows 612-616 of 1455 extracted
    [2765s] brain:stage4:extract — Core Forms Specifications: rows 644-647 of 1455 extracted
    [2775s] brain:stage4:extract — Core Forms Specifications: rows 635-638 of 1455 extracted
    [2778s] brain:stage4:extract — Core Forms Specifications: rows 630-634 of 1455 extracted
    [2780s] brain:stage4:extract — Core Forms Specifications: rows 639-643 of 1455 extracted
    [2781s] brain:stage4:extract — Rule References: rows 1260-1269 of 2146 extracted
    [2783s] brain:stage4:extract — Rule References: rows 1240-1249 of 2146 extracted
    [2784s] brain:stage4:extract — Rule References: rows 1250-1259 of 2146 extracted
    [2790s] brain:stage4:extract — Rule References: rows 1270-1279 of 2146 extracted
    [2836s] brain:stage4:extract — Core Forms Specifications: rows 653-656 of 1455 extracted
    [2840s] brain:stage4:extract — Rule References: rows 1280-1289 of 2146 extracted
    [2843s] brain:stage4:extract — Rule References: rows 1290-1299 of 2146 extracted
    [2844s] brain:stage4:extract — Core Forms Specifications: rows 648-652 of 1455 extracted
    [2861s] brain:stage4:extract — Core Forms Specifications: rows 662-665 of 1455 extracted
    [2891s] brain:stage4:extract — Core Forms Specifications: rows 660-661 of 1455 extracted
    [2897s] brain:stage4:extract — Core Forms Specifications: rows 657-659 of 1455 extracted
    [2899s] brain:stage4:extract — Rule References: rows 1300-1309 of 2146 extracted
    [2904s] brain:stage4:extract — Rule References: rows 1310-1319 of 2146 extracted
    [2909s] brain:stage4:extract — Core Forms Specifications: rows 680-683 of 1455 extracted
    [2910s] brain:stage4:extract — Rule References: rows 1330-1339 of 2146 extracted
    [2913s] brain:stage4:extract — Rule References: rows 1320-1329 of 2146 extracted
    [2913s] brain:stage4:extract — Core Forms Specifications: rows 675-679 of 1455 extracted
    [2915s] brain:stage4:extract — Core Forms Specifications: rows 671-674 of 1455 extracted
    [2963s] brain:stage4:extract — Core Forms Specifications: rows 669-670 of 1455 extracted
    [2968s] brain:stage4:extract — Core Forms Specifications: rows 666-668 of 1455 extracted
    [2971s] brain:stage4:extract — Rule References: rows 1350-1359 of 2146 extracted
    [2972s] brain:stage4:extract — Core Forms Specifications: rows 689-692 of 1455 extracted
    [2972s] brain:stage4:extract — Core Forms Specifications: rows 698-701 of 1455 extracted
    [2977s] brain:stage4:extract — Rule References: rows 1340-1349 of 2146 extracted
    [3025s] brain:stage4:extract — Rule References: rows 1380-1389 of 2146 extracted
    [3031s] brain:stage4:extract — Rule References: rows 1390-1399 of 2146 extracted
    [3034s] brain:stage4:extract — Core Forms Specifications: rows 687-688 of 1455 extracted
    [3037s] brain:stage4:extract — Core Forms Specifications: rows 684-686 of 1455 extracted
    [3046s] brain:stage4:extract — Rule References: rows 1370-1379 of 2146 extracted
    [3050s] brain:stage4:extract — Rule References: rows 1360-1369 of 2146 extracted
    [3072s] brain:stage4:extract — Core Forms Specifications: rows 716-719 of 1455 extracted
    [3079s] brain:stage4:extract — Core Forms Specifications: rows 707-710 of 1455 extracted
    [3092s] brain:stage4:extract — Core Forms Specifications: rows 702-706 of 1455 extracted
    [3094s] brain:stage4:extract — Rule References: rows 1410-1419 of 2146 extracted
    [3100s] brain:stage4:extract — Rule References: rows 1400-1409 of 2146 extracted
    [3102s] brain:stage4:extract — Core Forms Specifications: rows 693-697 of 1455 extracted
    [3129s] brain:stage4:extract — Core Forms Specifications: rows 714-715 of 1455 extracted
    [3134s] brain:stage4:extract — Core Forms Specifications: rows 734-737 of 1455 extracted
    [3136s] brain:stage4:extract — Core Forms Specifications: rows 729-733 of 1455 extracted
    [3147s] brain:stage4:extract — Core Forms Specifications: rows 725-728 of 1455 extracted
    [3148s] brain:stage4:extract — Rule References: rows 1430-1439 of 2146 extracted
    [3148s] brain:stage4:extract — Rule References: rows 1420-1429 of 2146 extracted
    [3165s] brain:stage4:extract — Rule References: rows 1440-1449 of 2146 extracted
    [3168s] brain:stage4:extract — Rule References: rows 1450-1459 of 2146 extracted
    [3222s] brain:stage4:extract — Rule References: rows 1460-1469 of 2146 extracted
    [3222s] brain:stage4:extract — Rule References: rows 1470-1479 of 2146 extracted
    [3231s] brain:stage4:extract — Core Forms Specifications: rows 747-755 of 1455 extracted
    [3235s] brain:stage4:extract — Core Forms Specifications: rows 723-724 of 1455 extracted
    [3240s] brain:stage4:extract — Core Forms Specifications: rows 720-722 of 1455 extracted
    [3253s] brain:stage4:extract — Core Forms Specifications: rows 711-713 of 1455 extracted
    [3267s] brain:stage4:extract — Rule References: rows 1480-1489 of 2146 extracted
    [3269s] brain:stage4:extract — Rule References: rows 1490-1499 of 2146 extracted
    [3272s] brain:stage4:extract — Rule References: rows 1510-1519 of 2146 extracted
    [3273s] brain:stage4:extract — Core Forms Specifications: rows 738-742 of 1455 extracted
    [3276s] brain:stage4:extract — Rule References: rows 1500-1509 of 2146 extracted
    [3303s] brain:stage4:extract — Core Forms Specifications: rows 743-746 of 1455 extracted
    [3338s] brain:stage4:extract — Rule References: rows 1530-1539 of 2146 extracted
    [3341s] brain:stage4:extract — Rule References: rows 1520-1529 of 2146 extracted
    [3375s] brain:stage4:extract — Rule References: rows 1550-1559 of 2146 extracted
    [3378s] brain:stage4:extract — Rule References: rows 1540-1549 of 2146 extracted
    [3387s] brain:stage4:extract — Rule References: rows 1570-1579 of 2146 extracted
    [3391s] brain:stage4:extract — Rule References: rows 1560-1569 of 2146 extracted
    [3407s] brain:stage4:extract — Core Forms Specifications: rows 770-773 of 1455 extracted
    [3415s] brain:stage4:extract — Core Forms Specifications: rows 765-769 of 1455 extracted
    [3433s] brain:stage4:extract — Core Forms Specifications: rows 788-791 of 1455 extracted
    [3440s] brain:stage4:extract — Core Forms Specifications: rows 779-782 of 1455 extracted
    [3442s] brain:stage4:extract — Core Forms Specifications: rows 774-778 of 1455 extracted
    [3445s] brain:stage4:extract — Core Forms Specifications: rows 783-787 of 1455 extracted
    [3457s] brain:stage4:extract — Rule References: rows 1580-1589 of 2146 extracted
    [3457s] brain:stage4:extract — Rule References: rows 1590-1599 of 2146 extracted
    [3461s] brain:stage4:extract — Core Forms Specifications: rows 761-764 of 1455 extracted
    [3484s] brain:stage4:extract — Core Forms Specifications: rows 797-800 of 1455 extracted
    [3486s] brain:stage4:extract — Core Forms Specifications: rows 792-796 of 1455 extracted
    [3492s] brain:stage4:extract — Core Forms Specifications: rows 759-760 of 1455 extracted
    [3493s] brain:stage4:extract — Core Forms Specifications: rows 806-809 of 1455 extracted
    [3497s] brain:stage4:extract — Rule References: rows 1600-1609 of 2146 extracted
    [3500s] brain:stage4:extract — Core Forms Specifications: rows 801-805 of 1455 extracted
    [3503s] brain:stage4:extract — Rule References: rows 1610-1619 of 2146 extracted
    [3504s] brain:stage4:extract — Core Forms Specifications: rows 756-758 of 1455 extracted
    [3508s] brain:stage4:extract — Rule References: rows 1630-1639 of 2146 extracted
    [3517s] brain:stage4:extract — Rule References: rows 1620-1629 of 2146 extracted
    [3578s] brain:stage4:extract — Rule References: rows 1640-1649 of 2146 extracted
    [3581s] brain:stage4:extract — Rule References: rows 1650-1659 of 2146 extracted
    [3624s] brain:stage4:extract — Rule References: rows 1660-1669 of 2146 extracted
    [3626s] brain:stage4:extract — Core Forms Specifications: rows 824-827 of 1455 extracted
    [3628s] brain:stage4:extract — Rule References: rows 1670-1679 of 2146 extracted
    [3630s] brain:stage4:extract — Rule References: rows 1690-1699 of 2146 extracted
    [3635s] brain:stage4:extract — Core Forms Specifications: rows 815-818 of 1455 extracted
    [3642s] brain:stage4:extract — Rule References: rows 1680-1689 of 2146 extracted
    [3647s] brain:stage4:extract — Core Forms Specifications: rows 810-814 of 1455 extracted
    [3669s] brain:stage4:extract — Core Forms Specifications: rows 842-845 of 1455 extracted
    [3674s] brain:stage4:extract — Core Forms Specifications: rows 837-841 of 1455 extracted
    [3684s] brain:stage4:extract — Core Forms Specifications: rows 851-854 of 1455 extracted
    [3690s] brain:stage4:extract — Core Forms Specifications: rows 846-850 of 1455 extracted
    [3695s] brain:stage4:extract — Core Forms Specifications: rows 833-836 of 1455 extracted
    [3700s] brain:stage4:extract — Core Forms Specifications: rows 822-823 of 1455 extracted
    [3702s] brain:stage4:extract — Core Forms Specifications: rows 828-832 of 1455 extracted
    [3709s] brain:stage4:extract — Core Forms Specifications: rows 855-859 of 1455 extracted
    [3711s] brain:stage4:extract — Core Forms Specifications: rows 819-821 of 1455 extracted
    [3713s] brain:stage4:extract — Rule References: rows 1710-1719 of 2146 extracted
    [3723s] brain:stage4:extract — Rule References: rows 1700-1709 of 2146 extracted
    [3754s] brain:stage4:extract — Rule References: rows 1730-1739 of 2146 extracted
    [3762s] brain:stage4:extract — Core Forms Specifications: rows 860-863 of 1455 extracted
    [3766s] brain:stage4:extract — Rule References: rows 1720-1729 of 2146 extracted
    [3783s] brain:stage4:extract — Rule References: rows 1750-1759 of 2146 extracted
    [3785s] brain:stage4:extract — Rule References: rows 1740-1749 of 2146 extracted
    [3805s] brain:stage4:extract — Rule References: rows 1780-1799 of 2146 extracted
    [3820s] brain:stage4:extract — Rule References: rows 1770-1779 of 2146 extracted
    [3839s] brain:stage4:extract — Rule References: rows 1760-1769 of 2146 extracted
    [3881s] brain:stage4:extract — Rule References: rows 1820-1839 of 2146 extracted
    [3890s] brain:stage4:extract — Core Forms Specifications: rows 878-881 of 1455 extracted
    [3894s] brain:stage4:extract — Core Forms Specifications: rows 873-877 of 1455 extracted
    [3895s] brain:stage4:extract — Core Forms Specifications: rows 887-890 of 1455 extracted
    [3904s] brain:stage4:extract — Core Forms Specifications: rows 864-868 of 1455 extracted
    [3914s] brain:stage4:extract — Core Forms Specifications: rows 869-872 of 1455 extracted
    [3915s] brain:stage4:extract — Rule References: rows 1800-1809 of 2146 extracted
    [3916s] brain:stage4:extract — Rule References: rows 1810-1819 of 2146 extracted
    [3918s] brain:stage4:extract — Core Forms Specifications: rows 891-895 of 1455 extracted
    [3923s] brain:stage4:extract — Core Forms Specifications: rows 896-899 of 1455 extracted
    [3927s] brain:stage4:extract — Core Forms Specifications: rows 905-908 of 1455 extracted
    [3935s] brain:stage4:extract — Core Forms Specifications: rows 909-913 of 1455 extracted
    [3937s] brain:stage4:extract — Core Forms Specifications: rows 900-904 of 1455 extracted
    [3958s] brain:stage4:extract — Core Forms Specifications: rows 882-884 of 1455 extracted
    [3959s] brain:stage4:extract — Core Forms Specifications: rows 914-917 of 1455 extracted
    [3964s] brain:stage4:extract — Rule References: rows 1840-1849 of 2146 extracted
    [3964s] brain:stage4:extract — Rule References: rows 1850-1859 of 2146 extracted
    [3966s] brain:stage4:extract — Core Forms Specifications: rows 885-886 of 1455 extracted
    [3986s] brain:stage4:extract — Rule References: rows 1860-1869 of 2146 extracted
    [3993s] brain:stage4:extract — Rule References: rows 1870-1879 of 2146 extracted
    [4039s] brain:stage4:extract — Rule References: rows 1880-1889 of 2146 extracted
    [4040s] brain:stage4:extract — Rule References: rows 1890-1899 of 2146 extracted
    [4089s] brain:stage4:extract — Rule References: rows 1910-1919 of 2146 extracted
    [4090s] brain:stage4:extract — Core Forms Specifications: rows 932-935 of 1455 extracted
    [4091s] brain:stage4:extract — Rule References: rows 1900-1909 of 2146 extracted
    [4092s] brain:stage4:extract — Core Forms Specifications: rows 927-931 of 1455 extracted
    [4107s] brain:stage4:extract — Rule References: rows 1930-1939 of 2146 extracted
    [4112s] brain:stage4:extract — Rule References: rows 1920-1929 of 2146 extracted
    [4121s] brain:stage4:extract — Core Forms Specifications: rows 923-926 of 1455 extracted
    [4134s] brain:stage4:extract — Core Forms Specifications: rows 950-953 of 1455 extracted
    [4139s] brain:stage4:extract — Core Forms Specifications: rows 963-967 of 1455 extracted
    [4140s] brain:stage4:extract — Core Forms Specifications: rows 945-949 of 1455 extracted
    [4156s] brain:stage4:extract — Core Forms Specifications: rows 959-962 of 1455 extracted
    [4157s] brain:stage4:extract — Core Forms Specifications: rows 921-922 of 1455 extracted
    [4164s] brain:stage4:extract — Rule References: rows 1950-1959 of 2146 extracted
    [4165s] brain:stage4:extract — Core Forms Specifications: rows 968-971 of 1455 extracted
    [4167s] brain:stage4:extract — Rule References: rows 1940-1949 of 2146 extracted
    [4170s] brain:stage4:extract — Core Forms Specifications: rows 918-920 of 1455 extracted
    [4170s] brain:stage4:extract — Rule References: rows 1980-1999 of 2146 extracted
    [4192s] brain:stage4:extract — Rule References: rows 1960-1969 of 2146 extracted
    [4204s] brain:stage4:extract — Rule References: rows 1970-1979 of 2146 extracted
    [4210s] brain:stage4:extract — Core Forms Specifications: rows 957-958 of 1455 extracted
    [4222s] brain:stage4:extract — Core Forms Specifications: rows 954-956 of 1455 extracted
    [4275s] brain:stage4:extract — Rule References: rows 2000-2009 of 2146 extracted
    [4277s] brain:stage4:extract — Rule References: rows 2010-2019 of 2146 extracted
    [4285s] brain:stage4:extract — Core Forms Specifications: rows 941-944 of 1455 extracted
    [4291s] brain:stage4:extract — Rule References: rows 2020-2029 of 2146 extracted
    [4295s] brain:stage4:extract — Rule References: rows 2030-2039 of 2146 extracted
    [4316s] brain:stage4:extract — Core Forms Specifications: rows 936-938 of 1455 extracted
    [4323s] brain:stage4:extract — Rule References: rows 2050-2059 of 2146 extracted
    [4326s] brain:stage4:extract — Rule References: rows 2040-2049 of 2146 extracted
    [4332s] brain:stage4:extract — Core Forms Specifications: rows 939-940 of 1455 extracted
    [4344s] brain:stage4:extract — Core Forms Specifications: rows 977-980 of 1455 extracted
    [4357s] brain:stage4:extract — Core Forms Specifications: rows 986-989 of 1455 extracted
    [4383s] brain:stage4:extract — Rule References: rows 2060-2069 of 2146 extracted
    [4389s] brain:stage4:extract — Rule References: rows 2070-2079 of 2146 extracted
    [4394s] brain:stage4:extract — Core Forms Specifications: rows 995-998 of 1455 extracted
    [4394s] brain:stage4:extract — Core Forms Specifications: rows 999-1003 of 1455 extracted
    [4397s] brain:stage4:extract — Core Forms Specifications: rows 990-994 of 1455 extracted
    [4421s] brain:stage4:extract — Core Forms Specifications: rows 975-976 of 1455 extracted
    [4422s] brain:stage4:extract — Core Forms Specifications: rows 981-983 of 1455 extracted
    [4426s] brain:stage4:extract — Core Forms Specifications: rows 984-985 of 1455 extracted
    [4427s] brain:stage4:extract — Core Forms Specifications: rows 972-974 of 1455 extracted
    [4435s] brain:stage4:extract — Core Forms Specifications: rows 1004-1007 of 1455 extracted
    [4441s] brain:stage4:extract — Rule References: rows 2090-2099 of 2146 extracted
    [4443s] brain:stage4:extract — Rule References: rows 2080-2089 of 2146 extracted
    [4465s] brain:stage4:extract — Rule References: rows 2110-2119 of 2146 extracted
    [4468s] brain:stage4:extract — Rule References: rows 2100-2109 of 2146 extracted
    [4482s] brain:stage4:extract — Rule References: rows 2140-2145 of 2146 extracted
    [4497s] brain:stage4:extract — Rule References: rows 2130-2139 of 2146 extracted
    [4516s] brain:stage4:extract — Core Forms Specifications: rows 1013-1016 of 1455 extracted
    [4517s] brain:stage4:extract — Rule References: rows 2120-2129 of 2146 extracted
    [4517s] brain:stage4:extract — Rule References: resolving 2635 conflicted field(s) across 1775 row(s)
    [4532s] brain:stage4:extract — Core Forms Specifications: rows 1022-1025 of 1455 extracted
    [4535s] brain:stage4:extract — Core Forms Specifications: rows 1017-1021 of 1455 extracted
    [4589s] brain:stage4:extract — Core Forms Specifications: rows 1011-1012 of 1455 extracted
    [4592s] brain:stage4:extract — Core Forms Specifications: rows 1008-1010 of 1455 extracted
    [4619s] brain:stage4:extract — Core Forms Specifications: rows 1040-1043 of 1455 extracted
    [4625s] brain:stage4:extract — Core Forms Specifications: rows 1058-1061 of 1455 extracted
    [4631s] brain:stage4:extract — Core Forms Specifications: rows 1031-1034 of 1455 extracted
    [4633s] brain:stage4:extract — Core Forms Specifications: rows 1035-1039 of 1455 extracted
    [4641s] brain:stage4:extract — Core Forms Specifications: rows 1026-1030 of 1455 extracted
    [4661s] brain:stage4:extract — Core Forms Specifications: rows 1049-1052 of 1455 extracted
    [4662s] brain:stage4:extract — Core Forms Specifications: rows 1044-1048 of 1455 extracted
    [4704s] brain:stage4:extract — Core Forms Specifications: rows 1053-1055 of 1455 extracted
    [4718s] brain:stage4:extract — Core Forms Specifications: rows 1056-1057 of 1455 extracted
    [4781s] brain:stage4:extract — Core Forms Specifications: rows 1062-1066 of 1455 extracted
    [4808s] brain:stage4:extract — Core Forms Specifications: rows 1067-1070 of 1455 extracted
    [4840s] brain:stage4:extract — Core Forms Specifications: rows 1085-1088 of 1455 extracted
    [4843s] brain:stage4:extract — Core Forms Specifications: rows 1076-1077 of 1455 extracted
    [4846s] brain:stage4:extract — Core Forms Specifications: rows 1071-1073 of 1455 extracted
    [4848s] brain:stage4:extract — Core Forms Specifications: rows 1078-1079 of 1455 extracted
    [4850s] brain:stage4:extract — Core Forms Specifications: rows 1094-1097 of 1455 extracted
    [4859s] brain:stage4:extract — Core Forms Specifications: rows 1080-1084 of 1455 extracted
    [4862s] brain:stage4:extract — Core Forms Specifications: rows 1074-1075 of 1455 extracted
    [4891s] brain:stage4:extract — Core Forms Specifications: rows 1112-1115 of 1455 extracted
    [4899s] brain:stage4:extract — Core Forms Specifications: rows 1107-1111 of 1455 extracted
    [4908s] brain:stage4:extract — Core Forms Specifications: rows 1103-1106 of 1455 extracted
    [4913s] brain:stage4:extract — Core Forms Specifications: rows 1098-1102 of 1455 extracted
    [4917s] brain:stage4:extract — Core Forms Specifications: rows 1092-1093 of 1455 extracted
    [4921s] brain:stage4:extract — Core Forms Specifications: rows 1089-1091 of 1455 extracted
    [5037s] brain:stage4:extract — Core Forms Specifications: rows 1125-1129 of 1455 extracted
    [5048s] brain:stage4:extract — Core Forms Specifications: rows 1121-1124 of 1455 extracted
    [5058s] brain:stage4:extract — Core Forms Specifications: rows 1116-1120 of 1455 extracted
    [5067s] brain:stage4:extract — Core Forms Specifications: rows 1130-1133 of 1455 extracted
    [5086s] brain:stage4:extract — Core Forms Specifications: rows 1148-1151 of 1455 extracted
    [5095s] brain:stage4:extract — Core Forms Specifications: rows 1139-1142 of 1455 extracted
    [5099s] brain:stage4:extract — Core Forms Specifications: rows 1134-1138 of 1455 extracted
    [5101s] brain:stage4:extract — Core Forms Specifications: rows 1152-1156 of 1455 extracted
    [5103s] brain:stage4:extract — Core Forms Specifications: rows 1143-1147 of 1455 extracted
    [5125s] brain:stage4:extract — Core Forms Specifications: rows 1157-1160 of 1455 extracted
    [5209s] brain:stage4:extract — Core Forms Specifications: rows 1166-1169 of 1455 extracted
    [5213s] brain:stage4:extract — Core Forms Specifications: rows 1170-1178 of 1455 extracted
    [5216s] brain:stage4:extract — Core Forms Specifications: rows 1161-1165 of 1455 extracted
    [5268s] brain:stage4:extract — Core Forms Specifications: rows 1184-1187 of 1455 extracted
    [5288s] brain:stage4:extract — Core Forms Specifications: rows 1193-1196 of 1455 extracted
    [5300s] brain:stage4:extract — Core Forms Specifications: rows 1188-1192 of 1455 extracted
    [5307s] brain:stage4:extract — Core Forms Specifications: rows 1202-1205 of 1455 extracted
    [5320s] brain:stage4:extract — Core Forms Specifications: rows 1197-1201 of 1455 extracted
    [5339s] brain:stage4:extract — Core Forms Specifications: rows 1182-1183 of 1455 extracted
    [5351s] brain:stage4:extract — Core Forms Specifications: rows 1179-1181 of 1455 extracted
    [5407s] brain:stage4:extract — Core Forms Specifications: rows 1215-1219 of 1455 extracted
    [5423s] brain:stage4:extract — Core Forms Specifications: rows 1211-1214 of 1455 extracted
    [5431s] brain:stage4:extract — Core Forms Specifications: rows 1206-1210 of 1455 extracted
    [5481s] brain:stage4:extract — Core Forms Specifications: rows 1222-1223 of 1455 extracted
    [5496s] brain:stage4:extract — Core Forms Specifications: rows 1220-1221 of 1455 extracted
    [5519s] brain:stage4:extract — Core Forms Specifications: rows 1256-1259 of 1455 extracted
    [5526s] brain:stage4:extract — Core Forms Specifications: rows 1251-1255 of 1455 extracted
    [5536s] brain:stage4:extract — Core Forms Specifications: rows 1224-1228 of 1455 extracted
    [5536s] brain:stage4:extract — Core Forms Specifications: rows 1229-1232 of 1455 extracted
    [5538s] brain:stage4:extract — Core Forms Specifications: rows 1242-1246 of 1455 extracted
    [5556s] brain:stage4:extract — Core Forms Specifications: rows 1233-1237 of 1455 extracted
    [5563s] brain:stage4:extract — Core Forms Specifications: rows 1247-1250 of 1455 extracted
    [5583s] brain:stage4:extract — Core Forms Specifications: rows 1238-1241 of 1455 extracted
    [5651s] brain:stage4:extract — Core Forms Specifications: rows 1260-1268 of 1455 extracted
    [5694s] brain:stage4:extract — Core Forms Specifications: rows 1274-1277 of 1455 extracted
    [5704s] brain:stage4:extract — Core Forms Specifications: rows 1269-1273 of 1455 extracted
    [5746s] brain:stage4:extract — Core Forms Specifications: rows 1283-1286 of 1455 extracted
    [5758s] brain:stage4:extract — Core Forms Specifications: rows 1278-1282 of 1455 extracted
    [5779s] brain:stage4:extract — Core Forms Specifications: rows 1287-1291 of 1455 extracted
    [5779s] brain:stage4:extract — Core Forms Specifications: rows 1296-1300 of 1455 extracted
    [5781s] brain:stage4:extract — Core Forms Specifications: rows 1292-1295 of 1455 extracted
    [5807s] brain:stage4:extract — Core Forms Specifications: rows 1301-1304 of 1455 extracted
    [5812s] brain:stage4:extract — Core Forms Specifications: rows 1310-1313 of 1455 extracted
    transient stream failure (attempt 1/3): fetch: terminated — retrying in 45s
    transient stream failure (attempt 2/3): fetch: fetch failed — retrying in 45s
    transient stream failure (attempt 3/3): fetch: fetch failed — retrying in 45s
  ✗ CORE: fetch: fetch failed

Results → docs/audit/import_eval_results-CORE.json
