
── LIVE: https://app-prodhub-dev.azurewebsites.net ──
  ✓ authenticated (tenant=accenture-test)
    [1s] brain:stage0:route — Routing 1 artifact(s)
    [13s] brain:stage1:classify — Classifying 9 sheet(s)
    [28s] brain:stage2:headerLock — Locking headers for 8 sheet(s)
    [34s] brain:stage3:columnMap — Mapping columns for 8 sheet(s)
    [105s] brain:stage4:extract — Extracting rows
    [105s] brain:stage4:extract — Core Framework: deterministic extraction (114 rows)
    [245s] brain:stage4:extract — Core Rules Specifications: deterministic extraction (234 rows)
    [431s] brain:stage4:extract — Rule References: rows 0-19 of 1895 extracted
    [436s] brain:stage4:extract — Rule References: rows 40-59 of 1895 extracted
    [437s] brain:stage4:extract — Rule References: rows 20-39 of 1895 extracted
    [458s] brain:stage4:extract — Rule References: rows 60-79 of 1895 extracted
    [458s] brain:stage4:extract — Rule References: rows 80-99 of 1895 extracted
    [477s] brain:stage4:extract — Rule References: rows 100-119 of 1895 extracted
    [490s] brain:stage4:extract — Rule References: rows 140-159 of 1895 extracted
    [502s] brain:stage4:extract — Rule References: rows 120-139 of 1895 extracted
    [511s] brain:stage4:extract — Rule References: rows 160-179 of 1895 extracted
    [518s] brain:stage4:extract — Rule References: rows 180-199 of 1895 extracted
    [538s] brain:stage4:extract — Rule References: rows 200-219 of 1895 extracted
    [545s] brain:stage4:extract — Rule References: rows 220-239 of 1895 extracted
    [552s] brain:stage4:extract — Rule References: rows 240-259 of 1895 extracted
    [573s] brain:stage4:extract — Rule References: rows 260-279 of 1895 extracted
    [584s] brain:stage4:extract — Rule References: rows 280-299 of 1895 extracted
    [584s] brain:stage4:extract — Rule References: rows 300-319 of 1895 extracted
    [606s] brain:stage4:extract — Rule References: rows 320-339 of 1895 extracted
    [614s] brain:stage4:extract — Rule References: rows 360-379 of 1895 extracted
    [620s] brain:stage4:extract — Rule References: rows 340-359 of 1895 extracted
    [636s] brain:stage4:extract — Rule References: rows 380-399 of 1895 extracted
    [643s] brain:stage4:extract — Rule References: rows 400-419 of 1895 extracted
    [653s] brain:stage4:extract — Rule References: rows 420-439 of 1895 extracted
    [669s] brain:stage4:extract — Rule References: rows 440-459 of 1895 extracted
    [674s] brain:stage4:extract — Rule References: rows 460-479 of 1895 extracted
    [683s] brain:stage4:extract — Rule References: rows 480-499 of 1895 extracted
    [703s] brain:stage4:extract — Rule References: rows 520-539 of 1895 extracted
    [704s] brain:stage4:extract — Rule References: rows 500-519 of 1895 extracted
    [714s] brain:stage4:extract — Rule References: rows 540-559 of 1895 extracted
    [734s] brain:stage4:extract — Rule References: rows 560-579 of 1895 extracted
    [736s] brain:stage4:extract — Rule References: rows 580-599 of 1895 extracted
    [747s] brain:stage4:extract — Rule References: rows 600-619 of 1895 extracted
    [763s] brain:stage4:extract — Rule References: rows 640-659 of 1895 extracted
    [766s] brain:stage4:extract — Rule References: rows 620-639 of 1895 extracted
    [778s] brain:stage4:extract — Rule References: rows 660-679 of 1895 extracted
    [795s] brain:stage4:extract — Rule References: rows 680-699 of 1895 extracted
    [797s] brain:stage4:extract — Rule References: rows 700-719 of 1895 extracted
    [810s] brain:stage4:extract — Rule References: rows 720-739 of 1895 extracted
    [826s] brain:stage4:extract — Rule References: rows 740-759 of 1895 extracted
    [826s] brain:stage4:extract — Rule References: rows 760-779 of 1895 extracted
    [842s] brain:stage4:extract — Rule References: rows 780-799 of 1895 extracted
    [854s] brain:stage4:extract — Rule References: rows 820-839 of 1895 extracted
    [854s] brain:stage4:extract — Rule References: rows 800-819 of 1895 extracted
    [869s] brain:stage4:extract — Rule References: rows 840-859 of 1895 extracted
    [882s] brain:stage4:extract — Rule References: rows 880-899 of 1895 extracted
    [890s] brain:stage4:extract — Rule References: rows 860-879 of 1895 extracted
    [902s] brain:stage4:extract — Rule References: rows 900-919 of 1895 extracted
    [912s] brain:stage4:extract — Rule References: rows 920-939 of 1895 extracted
    [923s] brain:stage4:extract — Rule References: rows 940-959 of 1895 extracted
    [938s] brain:stage4:extract — Rule References: rows 960-979 of 1895 extracted
    [940s] brain:stage4:extract — Rule References: rows 980-999 of 1895 extracted
    [946s] brain:stage4:extract — Rule References: rows 1000-1019 of 1895 extracted
    [962s] brain:stage4:extract — Rule References: rows 1040-1059 of 1895 extracted
    [969s] brain:stage4:extract — Rule References: rows 1020-1039 of 1895 extracted
    [974s] brain:stage4:extract — Rule References: rows 1060-1079 of 1895 extracted
    [995s] brain:stage4:extract — Rule References: rows 1080-1099 of 1895 extracted
    [1002s] brain:stage4:extract — Rule References: rows 1120-1139 of 1895 extracted
    [1023s] brain:stage4:extract — Rule References: rows 1140-1159 of 1895 extracted
    [1033s] brain:stage4:extract — Rule References: rows 1160-1179 of 1895 extracted
    [1052s] brain:stage4:extract — Rule References: rows 1180-1199 of 1895 extracted
    [1062s] brain:stage4:extract — Rule References: rows 1200-1219 of 1895 extracted
    [1078s] brain:stage4:extract — Rule References: rows 1220-1239 of 1895 extracted
    [1091s] brain:stage4:extract — Rule References: rows 1240-1259 of 1895 extracted
    [1100s] brain:stage4:extract — Rule References: rows 1260-1279 of 1895 extracted
    [1108s] brain:stage4:extract — Rule References: rows 1100-1119 of 1895 extracted
    [1130s] brain:stage4:extract — Rule References: rows 1280-1299 of 1895 extracted
    [1131s] brain:stage4:extract — Rule References: rows 1300-1319 of 1895 extracted
    [1148s] brain:stage4:extract — Rule References: rows 1320-1339 of 1895 extracted
    [1161s] brain:stage4:extract — Rule References: rows 1340-1359 of 1895 extracted
    [1163s] brain:stage4:extract — Rule References: rows 1360-1379 of 1895 extracted
    [1179s] brain:stage4:extract — Rule References: rows 1380-1399 of 1895 extracted
    [1188s] brain:stage4:extract — Rule References: rows 1400-1419 of 1895 extracted
    [1190s] brain:stage4:extract — Rule References: rows 1420-1439 of 1895 extracted
    [1206s] brain:stage4:extract — Rule References: rows 1440-1459 of 1895 extracted
    [1213s] brain:stage4:extract — Rule References: rows 1460-1479 of 1895 extracted
    [1224s] brain:stage4:extract — Rule References: rows 1480-1499 of 1895 extracted
    [1232s] brain:stage4:extract — Rule References: rows 1500-1519 of 1895 extracted
    [1243s] brain:stage4:extract — Rule References: rows 1520-1539 of 1895 extracted
    [1254s] brain:stage4:extract — Rule References: rows 1540-1559 of 1895 extracted
    [1267s] brain:stage4:extract — Rule References: rows 1560-1579 of 1895 extracted
    [1275s] brain:stage4:extract — Rule References: rows 1580-1599 of 1895 extracted
    [1287s] brain:stage4:extract — Rule References: rows 1600-1619 of 1895 extracted
    [1302s] brain:stage4:extract — Rule References: rows 1620-1639 of 1895 extracted
    [1305s] brain:stage4:extract — Rule References: rows 1640-1659 of 1895 extracted
    [1318s] brain:stage4:extract — Rule References: rows 1660-1679 of 1895 extracted
    [1332s] brain:stage4:extract — Rule References: rows 1680-1699 of 1895 extracted
    [1352s] brain:stage4:extract — Rule References: rows 1720-1739 of 1895 extracted
    [1363s] brain:stage4:extract — Rule References: rows 1740-1759 of 1895 extracted
    [1385s] brain:stage4:extract — Rule References: rows 1760-1779 of 1895 extracted
    [1391s] brain:stage4:extract — Rule References: rows 1780-1799 of 1895 extracted
    [1425s] brain:stage4:extract — Rule References: rows 1800-1819 of 1895 extracted
    [1428s] brain:stage4:extract — Rule References: rows 1820-1839 of 1895 extracted
    [1459s] brain:stage4:extract — Rule References: rows 1700-1719 of 1895 extracted
    [1463s] brain:stage4:extract — Rule References: rows 1840-1859 of 1895 extracted
    [1471s] brain:stage4:extract — Rule References: rows 1860-1879 of 1895 extracted
    [1488s] brain:stage4:extract — Rule References: rows 1880-1894 of 1895 extracted
    [1488s] brain:stage4:extract — Rule References: resolving 411 conflicted field(s) across 411 row(s)
    [1919s] brain:stage4:extract — Core Rating Specifications  (3): deterministic extraction (655 rows)
    [2067s] brain:stage4:extract — Core Rating Specifications: deterministic extraction (1310 rows)
    [2254s] brain:stage4:extract — Core Rate Tables: rows 0-15 of 16 extracted
