
── LIVE: https://app-prodhub-dev.azurewebsites.net ──
  ✓ authenticated (tenant=accenture-test)
    [1s] brain:stage0:route — Routing 4 artifact(s)
    [11s] brain:stage1:classify — Classifying 21 sheet(s)
    [29s] brain:stage2:headerLock — Locking headers for 15 sheet(s)
    [29s] brain:stage3:columnMap — Mapping columns for 15 sheet(s)
    [127s] brain:stage4:extract — Extracting rows
    [127s] brain:stage4:extract — GL Product Framework: deterministic extraction (110 rows)
    [127s] brain:stage4:extract — GL Forms Specifications: deterministic extraction (816 rows)
    [295s] brain:stage4:extract — GL Forms Dynamic Data: deterministic extraction (209 rows)
    [297s] brain:stage4:extract — GL Optional Forms Rules: deterministic extraction (281 rows)
    [447s] brain:stage4:extract — GL Rules Specifications: deterministic extraction (146 rows)
    [478s] brain:stage4:extract — Data Validation (sample-GL-rules.xlsx): deterministic extraction (11 rows)
    [525s] brain:stage4:extract — GL Rating Specifications: deterministic extraction (55 rows)
    [681s] brain:stage5:validate — Validating 1627 entities
    [1019s] brain:stage6:reconcile
    [1019s] brain:stage7:isoJoin — deterministic mapper: 105 coverages, 146 rules
    [1025s] durable result persisted (run eval-3c8b53d1-59fb-40ca-8c3e-e4c6907d6ae8)
  ✗ GL: F1 0.995 (P 0.994 R 0.996) | numeric 1.000 | citations entity=100% prov=100% resolve=100.0% | extras 1.9% | link parent=1.00 edges=1.00 forms=0.96 | loss 1039 | 1025s

Results → docs/audit/import_eval_results-GL.json
